// Jest Snapshot v1, https://goo.gl/fbAQLP

exports[`App should match the snapshot 1`] = `
<div
  className="app"
>
  <SearchForm
    searchHandler={[Function]}
  />
  <Menu
    clickHandler={[Function]}
  />
  <NewsContainer
    props={Array []}
  />
</div>
`;
